---
source: src/rules/mod.rs
expression: names
---
- argocd-diff-renovate
- manage-ci-image-updater
- manage-renovate
- automerge-renovate-terraform
- manage-github-workflow
- retry-renovate-workflow
- mirror-commit-status
- argocd-sync-status
- forward-push-to-argocd
- clear-janitor-labels-on-merge
