---
source: src/rules/mod.rs
expression: names
---
- argocd-diff-renovate
- manage-ci-image-updater
- manage-renovate-workflows
- manage-renovate-dockerfiles
- automerge-renovate-terraform
- automerge-renovate-rust
- automerge-autofix
- retry-renovate-workflow
- mirror-commit-status
- argocd-sync-status
- forward-push-to-argocd
- clear-janitor-labels-on-merge
- clear-queued-on-unmergeable
