---
source: tests/integration.rs
expression: snapshot
---
response: []
external_requests:
  - method: GET
    path: /api/v1/repos/anurag/k8s/pulls/201/files
    service: forgejo
  - method: GET
    path: /api/v1/repos/anurag/k8s/pulls/201
    service: forgejo
  - method: GET
    path: /api/v1/repos/anurag/k8s/pulls/201/reviews
    service: forgejo
  - method: GET
    path: /api/v1/repos/anurag/k8s/commits/def1000000000000000000000000000000000000/status
    service: forgejo
