---
source: tests/integration.rs
expression: snapshot
---
response:
  - actions: []
    dry_run: false
    name: argocd-sync-status
external_requests:
  - method: GET
    path: /api/v1/repos/anurag/k8s/git/commits/abc1234567890def?stat=false&verification=false&files=true
    service: forgejo
  - method: GET
    path: /api/v1/repos/anurag/k8s/raw/applications/monitoring.application.yaml?ref=abc1234567890def
    service: forgejo
  - method: GET
    path: /api/v1/repos/anurag/k8s/git/commits/abc1234567890def?stat=false&verification=false&files=true
    service: forgejo
  - method: GET
    path: /api/v1/repos/anurag/k8s/raw/applications/monitoring.application.yaml?ref=abc1234567890def
    service: forgejo
