---
source: tests/integration.rs
expression: snapshot
---
response:
  status: 200
  body:
    data:
      - embedding:
          - 0.1
          - 0.2
        index: 0
        object: embedding
    model: text-embedding-3-small
    object: list
    usage:
      prompt_tokens: 2
      total_tokens: 2
upstream_requests:
  - method: POST
    path: /embeddings
    body:
      input: hello world
      model: text-embedding-3-small
