---
source: tests/integration.rs
expression: snapshot
---
response:
  status: 200
  body:
    choices:
      - finish_reason: stop
        index: 0
        message:
          content: hi there
          role: assistant
    created: "[created]"
    id: msg_01
    model: claude-fable-5
    object: chat.completion
    usage:
      completion_tokens: 7
      prompt_tokens: 12
      total_tokens: 19
upstream_requests:
  - method: POST
    path: /v1/messages
    body:
      max_tokens: 4096
      messages:
        - content:
            - text: hello
              type: text
          role: user
      model: claude-fable-5
